MIF/HEX Update report for DE2_115_Default
Thu Oct 31 17:03:09 2019
Quartus II 32-bit Version 13.0.1 Build 232 06/12/2013 Service Pack 1 SJ Web Edition


---------------------
; Table of Contents ;
---------------------
  1. Legal Notice
  2. MIF/HEX Update Summary
  3. MIF/HEX Update Processed Files
  4. MIF/HEX Update Messages



----------------
; Legal Notice ;
----------------
Copyright (C) 1991-2013 Altera Corporation
Your use of Altera Corporation's design tools, logic functions 
and other software and tools, and its AMPP partner logic 
functions, and any output files from any of the foregoing 
(including device programming or simulation files), and any 
associated documentation or information are expressly subject 
to the terms and conditions of the Altera Program License 
Subscription Agreement, Altera MegaCore Function License 
Agreement, or other applicable license agreement, including, 
without limitation, that your use is for the sole purpose of 
programming logic devices manufactured by Altera and sold by 
Altera or its authorized distributors.  Please refer to the 
applicable agreement for further details.



+---------------------------------------------------------------+
; MIF/HEX Update Summary                                        ;
+-----------------------+---------------------------------------+
; MIF/HEX Update Status ; Successful - Thu Oct 31 17:03:09 2019 ;
; Revision Name         ; DE2_115_Default                       ;
; Top-level Entity Name ; DE2_115_Default                       ;
; Family                ; Cyclone IV E                          ;
; Device                ; EP4CE115F29C7                         ;
+-----------------------+---------------------------------------+


+-----------------------------------------------------------------------------+
; MIF/HEX Update Processed Files                                              ;
+-----------------------------------------------------------------------------+
; File Name                                                                   ;
+-----------------------------------------------------------------------------+
; /mdhome/home5/uk6057965/csjikken/csjikken2-2/mips_de2-115/bmpfont.mif       ;
; /mdhome/home5/uk6057965/csjikken/csjikken2-2/mips_de2-115/char30x40_ram.mif ;
; /mdhome/home5/uk6057965/csjikken/csjikken2-2/mips_de2-115/rom8x1024_DE2.mif ;
; /mdhome/home5/uk6057965/csjikken/csjikken2-2/mips_de2-115/scancode.mif      ;
+-----------------------------------------------------------------------------+


+-------------------------+
; MIF/HEX Update Messages ;
+-------------------------+
Info: *******************************************************************
Info: Running Quartus II 32-bit MIF/HEX Update
    Info: Version 13.0.1 Build 232 06/12/2013 Service Pack 1 SJ Web Edition
    Info: Processing started: Thu Oct 31 17:03:08 2019
Info: Command: quartus_cdb DE2_115_Default -c DE2_115_Default --update_mif
Warning (39023): Can't find Memory Initialization File Img_DATA.hex -- skipped updates for this file
Warning (39023): Can't find Memory Initialization File ram8x2048_DE2.mif -- skipped updates for this file
Warning (113031): 52 out of 1024 addresses are reinitialized. The latest initialized data will replace the existing data. There are 52 warnings found, and 10 warnings are reported.
    Warning (113030): Memory Initialization File address 0 is reinitialized
    Warning (113030): Memory Initialization File address 1 is reinitialized
    Warning (113030): Memory Initialization File address 2 is reinitialized
    Warning (113030): Memory Initialization File address 3 is reinitialized
    Warning (113030): Memory Initialization File address 4 is reinitialized
    Warning (113030): Memory Initialization File address 5 is reinitialized
    Warning (113030): Memory Initialization File address 6 is reinitialized
    Warning (113030): Memory Initialization File address 7 is reinitialized
    Warning (113030): Memory Initialization File address 8 is reinitialized
    Warning (113030): Memory Initialization File address 9 is reinitialized
Warning (113031): 46 out of 256 addresses are reinitialized. The latest initialized data will replace the existing data. There are 46 warnings found, and 10 warnings are reported.
    Warning (113030): Memory Initialization File address 14 is reinitialized
    Warning (113030): Memory Initialization File address 22 is reinitialized
    Warning (113030): Memory Initialization File address 30 is reinitialized
    Warning (113030): Memory Initialization File address 38 is reinitialized
    Warning (113030): Memory Initialization File address 37 is reinitialized
    Warning (113030): Memory Initialization File address 46 is reinitialized
    Warning (113030): Memory Initialization File address 54 is reinitialized
    Warning (113030): Memory Initialization File address 61 is reinitialized
    Warning (113030): Memory Initialization File address 62 is reinitialized
    Warning (113030): Memory Initialization File address 70 is reinitialized
Info (39024): Processed the following Memory Initialization File(s)
    Info (39025): Processed Memory Initialization File /mdhome/home5/uk6057965/csjikken/csjikken2-2/mips_de2-115/bmpfont.mif
    Info (39025): Processed Memory Initialization File /mdhome/home5/uk6057965/csjikken/csjikken2-2/mips_de2-115/char30x40_ram.mif
    Info (39025): Processed Memory Initialization File /mdhome/home5/uk6057965/csjikken/csjikken2-2/mips_de2-115/rom8x1024_DE2.mif
    Info (39025): Processed Memory Initialization File /mdhome/home5/uk6057965/csjikken/csjikken2-2/mips_de2-115/scancode.mif
Info: Quartus II 32-bit MIF/HEX Update was successful. 0 errors, 24 warnings
    Info: Peak virtual memory: 380 megabytes
    Info: Processing ended: Thu Oct 31 17:03:10 2019
    Info: Elapsed time: 00:00:02
    Info: Total CPU time (on all processors): 00:00:02


